T--
-T-
--T
---
TT-
TT-
--T
T--
-T-
--T
T--
-T-
--T
---
TT-
TT-
--T
T--
-T-
--T
TT----
--TT--
----TT
------
TTTT--
TTTT--
----TT
TT----
--TT--
----TT
TT----
--TT--
----TT
------
TTTT--
TTTT--
----TT
TT----
--TT--
----TT
T--
-T-
--T
---
TT-
TT-
--T
T--
-T-
--T
T--
-T-
--T
---
TT-
TT-
--T
T--
-T-
--T
T--
-T-
--T
---
TT-
TT-
--T
T--
-T-
--T
