T------
TT-----
TTT----
TTTT---
TTTTT--
TTTTTT-
TTTTTTT
T---
TT--
TTT-
TTTT
TT------------
TTTT----------
TTTTTT--------
TTTTTTTT------
TTTTTTTTTT----
TTTTTTTTTTTT--
TTTTTTTTTTTTTT
TT------
TTTT----
TTTTTT--
TTTTTTTT
TTTTTTTTTTTTTT
--TTTTTTTTTTTT
----TTTTTTTTTT
------TTTTTTTT
--------TTTTTT
----------TTTT
------------TT
TTTTTTTT
--TTTTTT
----TTTT
------TT
T------
TT-----
TTT----
TTTT---
TTTTT--
TTTTTT-
TTTTTTT
T----
TT---
TTT--
TTTT-
TTTTT
TTTTTTT
-TTTTTT
--TTTTT
---TTTT
----TTT
-----TT
------T
TTTTT
-TTTT
--TTT
---TT
----T
T------
TT-----
TTT----
TTTT---
TTTTT--
TTTTTT-
TTTTTTT
T----
TT---
TTT--
TTTT-
TTTTT
