T-----
TT----
TTT---
TTTT--
TTTTT-
TTTTTT
T--
TT-
TTT
TT----------
TTTT--------
TTTTTT------
TTTTTTTT----
TTTTTTTTTT--
TTTTTTTTTTTT
TT----
TTTT--
TTTTTT
TTTTTTTTTTTT
--TTTTTTTTTT
----TTTTTTTT
------TTTTTT
--------TTTT
----------TT
TTTTTT
--TTTT
----TT
T-----
TT----
TTT---
TTTT--
TTTTT-
TTTTTT
T--
TT-
TTT
TTTTTT
-TTTTT
--TTTT
---TTT
----TT
-----T
TTT
-TT
--T
T-----
TT----
TTT---
TTTT--
TTTTT-
TTTTTT
T--
TT-
TTT
