T-------
TT------
TTT-----
TTTTT---
TTTTT---
TTTTTT--
TTTTTTT-
TTTTTTTT
T--
TTT
TTT
TT--------------
TTTT------------
TTTTTT----------
TTTTTTTTTT------
TTTTTTTTTT------
TTTTTTTTTTTT----
TTTTTTTTTTTTTT--
TTTTTTTTTTTTTTTT
TT----
TTTTTT
TTTTTT
TTTTTTTTTTTTTTTT
--TTTTTTTTTTTTTT
----TTTTTTTTTTTT
------TTTTTTTTTT
------TTTTTTTTTT
----------TTTTTT
------------TTTT
--------------TT
TTTTTT
--TTTT
--TTTT
T-------
TT------
TTT-----
TTTTT---
TTTTT---
TTTTTT--
TTTTTTT-
TTTTTTTT
T--
TTT
TTT
TTTTTTTT
-TTTTTTT
--TTTTTT
---TTTTT
---TTTTT
-----TTT
------TT
-------T
TTT
-TT
-TT
T-------
TT------
TTT-----
TTTTT---
TTTTT---
TTTTTT--
TTTTTTT-
TTTTTTTT
T--
TTT
TTT
