-TTTTT
--TTTT
---TTT
----TT
-----T
------
-TT
--T
---
--TTTTTTTTTT
----TTTTTTTT
------TTTTTT
--------TTTT
----------TT
------------
--TTTT
----TT
------
------------
TT----------
TTTT--------
TTTTTT------
TTTTTTTT----
TTTTTTTTTT--
------
TT----
TTTT--
-TTTTT
--TTTT
---TTT
----TT
-----T
------
-TT
--T
---
------
T-----
TT----
TTT---
TTTT--
TTTTT-
---
T--
TT-
-TTTTT
--TTTT
---TTT
----TT
-----T
------
-TT
--T
---
