-TTTTTTT
--TTTTTT
---TTTTT
-----TTT
-----TTT
------TT
-------T
--------
-TT
---
---
--TTTTTTTTTTTTTT
----TTTTTTTTTTTT
------TTTTTTTTTT
----------TTTTTT
----------TTTTTT
------------TTTT
--------------TT
----------------
--TTTT
------
------
----------------
TT--------------
TTTT------------
TTTTTT----------
TTTTTT----------
TTTTTTTTTT------
TTTTTTTTTTTT----
TTTTTTTTTTTTTT--
------
TT----
TT----
-TTTTTTT
--TTTTTT
---TTTTT
-----TTT
-----TTT
------TT
-------T
--------
-TT
---
---
--------
T-------
TT------
TTT-----
TTT-----
TTTTT---
TTTTTT--
TTTTTTT-
---
T--
T--
-TTTTTTT
--TTTTTT
---TTTTT
-----TTT
-----TTT
------TT
-------T
--------
-TT
---
---
