-TTTTTT
T-TTTTT
TT-TTTT
TTT-TTT
TTTT-TT
TTTTT-T
TTTTTT-
-TTT
T-TT
TT-T
TTT-
--TTTTTTTTTTTT
TT--TTTTTTTTTT
TTTT--TTTTTTTT
TTTTTT--TTTTTT
TTTTTTTT--TTTT
TTTTTTTTTT--TT
TTTTTTTTTTTT--
--TTTTTT
TT--TTTT
TTTT--TT
TTTTTT--
--TTTTTTTTTTTT
TT--TTTTTTTTTT
TTTT--TTTTTTTT
TTTTTT--TTTTTT
TTTTTTTT--TTTT
TTTTTTTTTT--TT
TTTTTTTTTTTT--
--TTTTTT
TT--TTTT
TTTT--TT
TTTTTT--
-TTTTTT
T-TTTTT
TT-TTTT
TTT-TTT
TTTT-TT
TTTTT-T
TTTTTT-
-TTTT
T-TTT
TT-TT
TTT-T
TTTT-
-TTTTTT
T-TTTTT
TT-TTTT
TTT-TTT
TTTT-TT
TTTTT-T
TTTTTT-
-TTTT
T-TTT
TT-TT
TTT-T
TTTT-
-TTTTTT
T-TTTTT
TT-TTTT
TTT-TTT
TTTT-TT
TTTTT-T
TTTTTT-
-TTTT
T-TTT
TT-TT
TTT-T
TTTT-
