-TTTTT
T-TTTT
TT-TTT
TTT-TT
TTTT-T
TTTTT-
-TT
T-T
TT-
--TTTTTTTTTT
TT--TTTTTTTT
TTTT--TTTTTT
TTTTTT--TTTT
TTTTTTTT--TT
TTTTTTTTTT--
--TTTT
TT--TT
TTTT--
--TTTTTTTTTT
TT--TTTTTTTT
TTTT--TTTTTT
TTTTTT--TTTT
TTTTTTTT--TT
TTTTTTTTTT--
--TTTT
TT--TT
TTTT--
-TTTTT
T-TTTT
TT-TTT
TTT-TT
TTTT-T
TTTTT-
-TT
T-T
TT-
-TTTTT
T-TTTT
TT-TTT
TTT-TT
TTTT-T
TTTTT-
-TT
T-T
TT-
-TTTTT
T-TTTT
TT-TTT
TTT-TT
TTTT-T
TTTTT-
-TT
T-T
TT-
