-TTTTTTT
T-TTTTTT
TT-TTTTT
TTT--TTT
TTT--TTT
TTTTT-TT
TTTTTT-T
TTTTTTT-
-TT
T--
T--
--TTTTTTTTTTTTTT
TT--TTTTTTTTTTTT
TTTT--TTTTTTTTTT
TTTTTT----TTTTTT
TTTTTT----TTTTTT
TTTTTTTTTT--TTTT
TTTTTTTTTTTT--TT
TTTTTTTTTTTTTT--
--TTTT
TT----
TT----
--TTTTTTTTTTTTTT
TT--TTTTTTTTTTTT
TTTT--TTTTTTTTTT
TTTTTT----TTTTTT
TTTTTT----TTTTTT
TTTTTTTTTT--TTTT
TTTTTTTTTTTT--TT
TTTTTTTTTTTTTT--
--TTTT
TT----
TT----
-TTTTTTT
T-TTTTTT
TT-TTTTT
TTT--TTT
TTT--TTT
TTTTT-TT
TTTTTT-T
TTTTTTT-
-TT
T--
T--
-TTTTTTT
T-TTTTTT
TT-TTTTT
TTT--TTT
TTT--TTT
TTTTT-TT
TTTTTT-T
TTTTTTT-
-TT
T--
T--
-TTTTTTT
T-TTTTTT
TT-TTTTT
TTT--TTT
TTT--TTT
TTTTT-TT
TTTTTT-T
TTTTTTT-
-TT
T--
T--
