-TT
T-T
TT-
TTT
--T
--T
TT-
-TT
T-T
TT-
-TT
T-T
TT-
TTT
--T
--T
TT-
-TT
T-T
TT-
--TTTT
TT--TT
TTTT--
TTTTTT
----TT
----TT
TTTT--
--TTTT
TT--TT
TTTT--
--TTTT
TT--TT
TTTT--
TTTTTT
----TT
----TT
TTTT--
--TTTT
TT--TT
TTTT--
-TT
T-T
TT-
TTT
--T
--T
TT-
-TT
T-T
TT-
-TT
T-T
TT-
TTT
--T
--T
TT-
-TT
T-T
TT-
-TT
T-T
TT-
TTT
--T
--T
TT-
-TT
T-T
TT-
