RT 0 T
RT 0 /
RT 1 T
RT 1 /
RT 2 T
RT 2 /
RT 3 T
RT 3 /
RF 0 E
RF 0 /
RF 1 E
RF 1 /
RF 2 E
RF 2 /
RF 3 E
RF 3 /
UT 1 T
UT 1 /
UF 1 T
UF 1 /
RT 1 T
RT 1 /
RT 2 T
RT 2 /
RT 3 T
RT 3 /
RF 1 T
RF 1 /
RF 2 E
RF 2 /
RF 3 E
RF 3 /
UT 2 E
UT 2 /
UF 2 E
UF 2 /
RT 2 E
RT 2 /
RT 3 T
RT 3 /
RF 2 E
RF 2 /
RF 3 E
RF 3 /
UT 3 T
UT 3 /
UF 3 T
UF 3 /
RT 3 T
RT 3 /
RF 3 T
RF 3 /
UT 3 E
UT 3 /
UF 3 E
UF 3 /
