-.4
-4
-4.4
.3
0
1
2
3
3
3.3
4
5
6
7
8
9
array
buffer
calculator
character
define
dictionary
function
if
integer
lines
main
numeric
pointer
sort
string
-4.4
-4
-.4
if
character
define
pointer
numeric
buffer
0
calculator
function
main
integer
sort
array
lines
string
dictionary
.3
1
2
3
3
3.3
4
5
6
7
8
9
