solution no.  1 : 1  5  8  6  3  7  2  4  : Call count = 113
solution no.  2 : 1  6  8  3  7  4  2  5  : Call count = 146
solution no.  3 : 1  7  4  6  8  2  5  3  : Call count = 171
solution no.  4 : 1  7  5  8  2  4  6  3  : Call count = 188
solution no.  5 : 2  4  6  8  3  1  7  5  : Call count = 251
solution no.  6 : 2  5  7  1  3  8  6  4  : Call count = 301
solution no.  7 : 2  5  7  4  1  8  6  3  : Call count = 310
solution no.  8 : 2  6  1  7  4  8  3  5  : Call count = 345
solution no.  9 : 2  6  8  3  1  4  7  5  : Call count = 375
solution no. 10 : 2  7  3  6  8  5  1  4  : Call count = 408
solution no. 11 : 2  7  5  8  1  4  6  3  : Call count = 428
solution no. 12 : 2  8  6  1  3  5  7  4  : Call count = 470
solution no. 13 : 3  1  7  5  8  2  4  6  : Call count = 529
solution no. 14 : 3  5  2  8  1  7  4  6  : Call count = 556
solution no. 15 : 3  5  2  8  6  4  7  1  : Call count = 560
solution no. 16 : 3  5  7  1  4  2  8  6  : Call count = 565
solution no. 17 : 3  5  8  4  1  7  2  6  : Call count = 595
solution no. 18 : 3  6  2  5  8  1  7  4  : Call count = 605
solution no. 19 : 3  6  2  7  1  4  8  5  : Call count = 611
solution no. 20 : 3  6  2  7  5  1  8  4  : Call count = 614
solution no. 21 : 3  6  4  1  8  5  7  2  : Call count = 621
solution no. 22 : 3  6  4  2  8  5  7  1  : Call count = 626
solution no. 23 : 3  6  8  1  4  7  5  2  : Call count = 634
solution no. 24 : 3  6  8  1  5  7  2  4  : Call count = 637
solution no. 25 : 3  6  8  2  4  1  7  5  : Call count = 641
solution no. 26 : 3  7  2  8  5  1  4  6  : Call count = 668
solution no. 27 : 3  7  2  8  6  4  1  5  : Call count = 672
solution no. 28 : 3  8  4  7  1  6  2  5  : Call count = 718
solution no. 29 : 4  1  5  8  2  7  3  6  : Call count = 756
solution no. 30 : 4  1  5  8  6  3  7  2  : Call count = 759
solution no. 31 : 4  2  5  8  6  1  3  7  : Call count = 807
solution no. 32 : 4  2  7  3  6  8  1  5  : Call count = 816
solution no. 33 : 4  2  7  3  6  8  5  1  : Call count = 817
solution no. 34 : 4  2  7  5  1  8  6  3  : Call count = 821
solution no. 35 : 4  2  8  5  7  1  3  6  : Call count = 840
solution no. 36 : 4  2  8  6  1  3  5  7  : Call count = 845
solution no. 37 : 4  6  1  5  2  8  3  7  : Call count = 863
solution no. 38 : 4  6  8  2  7  1  3  5  : Call count = 879
solution no. 39 : 4  6  8  3  1  7  5  2  : Call count = 885
solution no. 40 : 4  7  1  8  5  2  6  3  : Call count = 916
solution no. 41 : 4  7  3  8  2  5  1  6  : Call count = 928
solution no. 42 : 4  7  5  2  6  1  3  8  : Call count = 936
solution no. 43 : 4  7  5  3  1  6  8  2  : Call count = 940
solution no. 44 : 4  8  1  3  6  2  7  5  : Call count = 953
solution no. 45 : 4  8  1  5  7  2  6  3  : Call count = 961
solution no. 46 : 4  8  5  3  1  7  2  6  : Call count = 982
solution no. 47 : 5  1  4  6  8  2  7  3  : Call count = 991
solution no. 48 : 5  1  8  4  2  7  3  6  : Call count = 1012
solution no. 49 : 5  1  8  6  3  7  2  4  : Call count = 1020
solution no. 50 : 5  2  4  6  8  3  1  7  : Call count = 1033
solution no. 51 : 5  2  4  7  3  8  6  1  : Call count = 1037
solution no. 52 : 5  2  6  1  7  4  8  3  : Call count = 1045
solution no. 53 : 5  2  8  1  4  7  3  6  : Call count = 1057
solution no. 54 : 5  3  1  6  8  2  4  7  : Call count = 1088
solution no. 55 : 5  3  1  7  2  8  6  4  : Call count = 1094
solution no. 56 : 5  3  8  4  7  1  6  2  : Call count = 1110
solution no. 57 : 5  7  1  3  8  6  4  2  : Call count = 1128
solution no. 58 : 5  7  1  4  2  8  6  3  : Call count = 1133
solution no. 59 : 5  7  2  4  8  1  3  6  : Call count = 1152
solution no. 60 : 5  7  2  6  3  1  4  8  : Call count = 1156
solution no. 61 : 5  7  2  6  3  1  8  4  : Call count = 1157
solution no. 62 : 5  7  4  1  3  8  6  2  : Call count = 1166
solution no. 63 : 5  8  4  1  3  6  2  7  : Call count = 1214
solution no. 64 : 5  8  4  1  7  2  6  3  : Call count = 1217
solution no. 65 : 6  1  5  2  8  3  7  4  : Call count = 1255
solution no. 66 : 6  2  7  1  3  5  8  4  : Call count = 1301
solution no. 67 : 6  2  7  1  4  8  5  3  : Call count = 1305
solution no. 68 : 6  3  1  7  5  8  2  4  : Call count = 1332
solution no. 69 : 6  3  1  8  4  2  7  5  : Call count = 1336
solution no. 70 : 6  3  1  8  5  2  4  7  : Call count = 1339
solution no. 71 : 6  3  5  7  1  4  2  8  : Call count = 1347
solution no. 72 : 6  3  5  8  1  4  2  7  : Call count = 1352
solution no. 73 : 6  3  7  2  4  8  1  5  : Call count = 1359
solution no. 74 : 6  3  7  2  8  5  1  4  : Call count = 1362
solution no. 75 : 6  3  7  4  1  8  2  5  : Call count = 1368
solution no. 76 : 6  4  1  5  8  2  7  3  : Call count = 1378
solution no. 77 : 6  4  2  8  5  7  1  3  : Call count = 1408
solution no. 78 : 6  4  7  1  3  5  2  8  : Call count = 1413
solution no. 79 : 6  4  7  1  8  2  5  3  : Call count = 1417
solution no. 80 : 6  8  2  4  1  7  5  3  : Call count = 1444
solution no. 81 : 7  1  3  8  6  4  2  5  : Call count = 1503
solution no. 82 : 7  2  4  1  8  5  3  6  : Call count = 1545
solution no. 83 : 7  2  6  3  1  4  8  5  : Call count = 1565
solution no. 84 : 7  3  1  6  8  5  2  4  : Call count = 1598
solution no. 85 : 7  3  8  2  5  1  6  4  : Call count = 1628
solution no. 86 : 7  4  2  5  8  1  3  6  : Call count = 1663
solution no. 87 : 7  4  2  8  6  1  3  5  : Call count = 1672
solution no. 88 : 7  5  3  1  6  8  2  4  : Call count = 1722
solution no. 89 : 8  2  4  1  7  5  3  6  : Call count = 1785
solution no. 90 : 8  2  5  3  1  7  4  6  : Call count = 1802
solution no. 91 : 8  3  1  6  2  5  7  4  : Call count = 1827
solution no. 92 : 8  4  1  3  6  2  7  5  : Call count = 1860
Call count = 1965
