   1 Access
   2 Assignment
   1 Data
   1 Input
   1 KandR
   1 LangSpec
   2 No
   3 Parse
   1 Request
   1 Subscripted
   2 a
   5 a1
   1 a2
   5 abcdef
   1 and
   2 array
   1 as
   2 at
   1 auto
   2 before
   4 c
   2 c1
   2 c3
   1 cTest
   1 cast
   4 char
   1 class
   2 const
   1 counting
   2 d3
   1 data
   1 definition
   1 discards
   2 end
   3 error
   1 exception
   2 f
   3 for
   2 from
   3 func
   6 g1
   4 g2
   1 g3
   1 g4
   1 has
   3 i1
   1 i2
   1 if
   2 in
  26 int
   1 integer
   1 invalid
   1 is
   9 j1
   7 j2
   1 j3
   1 key
   7 kind
   1 lvalue
   1 main
   1 makes
   1 member
   4 n
   1 neither
   1 no
   1 nore
   1 not
   2 of
   4 or
   4 pa
   3 pg1
   4 pg2
   2 pi
   3 pointer
   4 printf
   2 return
   1 see
   2 semicolon
   1 sizeof
   1 something
   1 storage
   4 str1
   7 struct
   1 structure
   1 such
   1 target
   2 type
   1 unary
   3 union
   1 unsigned
   1 val
   1 violation
   1 without
   1 words
   2 x
